// Jest Snapshot v1, https://goo.gl/fbAQLP

exports[`Modal Spinner render spinner component 1`] = `
<Modal
  animationType="fade"
  hardwareAccelerated={false}
  onRequestClose={[Function]}
  transparent={true}
  visible={true}
>
  <View
    style={
      [
        {
          "alignItems": "center",
          "backgroundColor": "rgba(0, 0, 0, 0.3)",
          "flexBasis": 0,
          "flexGrow": 1,
          "flexShrink": 1,
          "justifyContent": "center",
        },
      ]
    }
    testID="global-loader-modal"
  >
    <ActivityIndicator
      color="black"
      size="large"
    />
  </View>
</Modal>
`;
