// Jest Snapshot v1, https://goo.gl/fbAQLP

exports[`[Component] - [InputField]  should render text input correctly 1`] = `
<View
  style={
    [
      {
        "alignItems": "center",
        "backgroundColor": "#fff",
        "borderColor": "#aaa",
        "borderRadius": 5,
        "borderWidth": 1,
        "flexDirection": "row",
        "height": 50,
      },
    ]
  }
>
  <View
    style={
      [
        {
          "alignSelf": "center",
          "paddingLeft": 10,
        },
      ]
    }
  >
    <Text>
       hello
    </Text>
  </View>
  <TextInput
    accessibilityHint="enter your dummy-button"
    accessibilityLabel="dummy-button"
    autoCapitalize="none"
    color="#1C1B1F"
    editable={true}
    onChangeText={[Function]}
    placeholder="Username"
    placeholderTextColor="#79747E"
    secureTextEntry={false}
    style={
      [
        {
          "backgroundColor": "#fff",
          "fontSize": 14,
          "height": 43,
          "marginBottom": 5,
          "marginLeft": 5,
          "marginRight": 5,
          "marginTop": 5,
        },
      ]
    }
    testID="dummy-button"
    value="dummy"
  />
</View>
`;
